This is pdfTeX, Version 3.141592653-2.6-1.40.25 (MiKTeX 24.1) (preloaded format=pdflatex 2026.3.31)  10 JUN 2026 10:04
entering extended mode
 restricted \write18 enabled.
 %&-line parsing enabled.
**./interaction_results.tex
(interaction_results.tex
LaTeX2e <2023-11-01> patch level 1
L3 programming layer <2024-02-20>
(C:\Program Files\MiKTeX\tex/latex/base\article.cls
Document Class: article 2023/05/17 v1.4n Standard LaTeX document class
(C:\Program Files\MiKTeX\tex/latex/base\size11.clo
File: size11.clo 2023/05/17 v1.4n Standard LaTeX file (size option)
)
\c@part=\count188
\c@section=\count189
\c@subsection=\count190
\c@subsubsection=\count191
\c@paragraph=\count192
\c@subparagraph=\count193
\c@figure=\count194
\c@table=\count195
\abovecaptionskip=\skip48
\belowcaptionskip=\skip49
\bibindent=\dimen140
)
(C:\Program Files\MiKTeX\tex/latex/base\inputenc.sty
Package: inputenc 2021/02/14 v1.3d Input encoding file
\inpenc@prehook=\toks17
\inpenc@posthook=\toks18
)
(C:\Program Files\MiKTeX\tex/latex/base\fontenc.sty
Package: fontenc 2021/04/29 v2.0v Standard LaTeX package
)
(C:\Program Files\MiKTeX\tex/latex/amsmath\amsmath.sty
Package: amsmath 2023/05/13 v2.17o AMS math features
\@mathmargin=\skip50

For additional information on amsmath, use the `?' option.
(C:\Program Files\MiKTeX\tex/latex/amsmath\amstext.sty
Package: amstext 2021/08/26 v2.01 AMS text

(C:\Program Files\MiKTeX\tex/latex/amsmath\amsgen.sty
File: amsgen.sty 1999/11/30 v2.0 generic functions
\@emptytoks=\toks19
\ex@=\dimen141
))
(C:\Program Files\MiKTeX\tex/latex/amsmath\amsbsy.sty
Package: amsbsy 1999/11/29 v1.2d Bold Symbols
\pmbraise@=\dimen142
)
(C:\Program Files\MiKTeX\tex/latex/amsmath\amsopn.sty
Package: amsopn 2022/04/08 v2.04 operator names
)
\inf@bad=\count196
LaTeX Info: Redefining \frac on input line 234.
\uproot@=\count197
\leftroot@=\count198
LaTeX Info: Redefining \overline on input line 399.
LaTeX Info: Redefining \colon on input line 410.
\classnum@=\count199
\DOTSCASE@=\count266
LaTeX Info: Redefining \ldots on input line 496.
LaTeX Info: Redefining \dots on input line 499.
LaTeX Info: Redefining \cdots on input line 620.
\Mathstrutbox@=\box51
\strutbox@=\box52
LaTeX Info: Redefining \big on input line 722.
LaTeX Info: Redefining \Big on input line 723.
LaTeX Info: Redefining \bigg on input line 724.
LaTeX Info: Redefining \Bigg on input line 725.
\big@size=\dimen143
LaTeX Font Info:    Redeclaring font encoding OML on input line 743.
LaTeX Font Info:    Redeclaring font encoding OMS on input line 744.
\macc@depth=\count267
LaTeX Info: Redefining \bmod on input line 905.
LaTeX Info: Redefining \pmod on input line 910.
LaTeX Info: Redefining \smash on input line 940.
LaTeX Info: Redefining \relbar on input line 970.
LaTeX Info: Redefining \Relbar on input line 971.
\c@MaxMatrixCols=\count268
\dotsspace@=\muskip16
\c@parentequation=\count269
\dspbrk@lvl=\count270
\tag@help=\toks20
\row@=\count271
\column@=\count272
\maxfields@=\count273
\andhelp@=\toks21
\eqnshift@=\dimen144
\alignsep@=\dimen145
\tagshift@=\dimen146
\tagwidth@=\dimen147
\totwidth@=\dimen148
\lineht@=\dimen149
\@envbody=\toks22
\multlinegap=\skip51
\multlinetaggap=\skip52
\mathdisplay@stack=\toks23
LaTeX Info: Redefining \[ on input line 2953.
LaTeX Info: Redefining \] on input line 2954.
)
(C:\Program Files\MiKTeX\tex/latex/booktabs\booktabs.sty
Package: booktabs 2020/01/12 v1.61803398 Publication quality tables
\heavyrulewidth=\dimen150
\lightrulewidth=\dimen151
\cmidrulewidth=\dimen152
\belowrulesep=\dimen153
\belowbottomsep=\dimen154
\aboverulesep=\dimen155
\abovetopsep=\dimen156
\cmidrulesep=\dimen157
\cmidrulekern=\dimen158
\defaultaddspace=\dimen159
\@cmidla=\count274
\@cmidlb=\count275
\@aboverulesep=\dimen160
\@belowrulesep=\dimen161
\@thisruleclass=\count276
\@lastruleclass=\count277
\@thisrulewidth=\dimen162
)
(C:\Program Files\MiKTeX\tex/latex/graphics\graphicx.sty
Package: graphicx 2021/09/16 v1.2d Enhanced LaTeX Graphics (DPC,SPQR)

(C:\Program Files\MiKTeX\tex/latex/graphics\keyval.sty
Package: keyval 2022/05/29 v1.15 key=value parser (DPC)
\KV@toks@=\toks24
)
(C:\Program Files\MiKTeX\tex/latex/graphics\graphics.sty
Package: graphics 2022/03/10 v1.4e Standard LaTeX Graphics (DPC,SPQR)

(C:\Program Files\MiKTeX\tex/latex/graphics\trig.sty
Package: trig 2021/08/11 v1.11 sin cos tan (DPC)
)
(C:\Program Files\MiKTeX\tex/latex/graphics-cfg\graphics.cfg
File: graphics.cfg 2016/06/04 v1.11 sample graphics configuration
)
Package graphics Info: Driver file: pdftex.def on input line 107.

(C:\Program Files\MiKTeX\tex/latex/graphics-def\pdftex.def
File: pdftex.def 2022/09/22 v1.2b Graphics/color driver for pdftex
))
\Gin@req@height=\dimen163
\Gin@req@width=\dimen164
)
(C:\Program Files\MiKTeX\tex/latex/caption\caption.sty
Package: caption 2023/08/05 v3.6o Customizing captions (AR)

(C:\Program Files\MiKTeX\tex/latex/caption\caption3.sty
Package: caption3 2023/07/31 v2.4d caption3 kernel (AR)
\caption@tempdima=\dimen165
\captionmargin=\dimen166
\caption@leftmargin=\dimen167
\caption@rightmargin=\dimen168
\caption@width=\dimen169
\caption@indent=\dimen170
\caption@parindent=\dimen171
\caption@hangindent=\dimen172
Package caption Info: Standard document class detected.
)
\c@caption@flags=\count278
\c@continuedfloat=\count279
)
(C:\Program Files\MiKTeX\tex/latex/float\float.sty
Package: float 2001/11/08 v1.3d Float enhancements (AL)
\c@float@type=\count280
\float@exts=\toks25
\float@box=\box53
\@float@everytoks=\toks26
\@floatcapt=\box54
)
(C:\Program Files\MiKTeX\tex/latex/geometry\geometry.sty
Package: geometry 2020/01/02 v5.9 Page Geometry

(C:\Program Files\MiKTeX\tex/generic/iftex\ifvtex.sty
Package: ifvtex 2019/10/25 v1.7 ifvtex legacy package. Use iftex instead.

(C:\Program Files\MiKTeX\tex/generic/iftex\iftex.sty
Package: iftex 2022/02/03 v1.0f TeX engine tests
))
\Gm@cnth=\count281
\Gm@cntv=\count282
\c@Gm@tempcnt=\count283
\Gm@bindingoffset=\dimen173
\Gm@wd@mp=\dimen174
\Gm@odd@mp=\dimen175
\Gm@even@mp=\dimen176
\Gm@layoutwidth=\dimen177
\Gm@layoutheight=\dimen178
\Gm@layouthoffset=\dimen179
\Gm@layoutvoffset=\dimen180
\Gm@dimlist=\toks27

(C:\Program Files\MiKTeX\tex/latex/geometry\geometry.cfg))
(C:\Program Files\MiKTeX\tex/latex/l3backend\l3backend-pdftex.def
File: l3backend-pdftex.def 2024-02-20 L3 backend support: PDF output (pdfTeX)
\l__color_backend_stack_int=\count284
\l__pdf_internal_box=\box55
)
(interaction_results.aux)
\openout1 = `interaction_results.aux'.

LaTeX Font Info:    Checking defaults for OML/cmm/m/it on input line 19.
LaTeX Font Info:    ... okay on input line 19.
LaTeX Font Info:    Checking defaults for OMS/cmsy/m/n on input line 19.
LaTeX Font Info:    ... okay on input line 19.
LaTeX Font Info:    Checking defaults for OT1/cmr/m/n on input line 19.
LaTeX Font Info:    ... okay on input line 19.
LaTeX Font Info:    Checking defaults for T1/cmr/m/n on input line 19.
LaTeX Font Info:    ... okay on input line 19.
LaTeX Font Info:    Checking defaults for TS1/cmr/m/n on input line 19.
LaTeX Font Info:    ... okay on input line 19.
LaTeX Font Info:    Checking defaults for OMX/cmex/m/n on input line 19.
LaTeX Font Info:    ... okay on input line 19.
LaTeX Font Info:    Checking defaults for U/cmr/m/n on input line 19.
LaTeX Font Info:    ... okay on input line 19.

(C:\Program Files\MiKTeX\tex/context/base/mkii\supp-pdf.mkii
[Loading MPS to PDF converter (version 2006.09.02).]
\scratchcounter=\count285
\scratchdimen=\dimen181
\scratchbox=\box56
\nofMPsegments=\count286
\nofMParguments=\count287
\everyMPshowfont=\toks28
\MPscratchCnt=\count288
\MPscratchDim=\dimen182
\MPnumerator=\count289
\makeMPintoPDFobject=\count290
\everyMPtoPDFconversion=\toks29
) (C:\Program Files\MiKTeX\tex/latex/epstopdf-pkg\epstopdf-base.sty
Package: epstopdf-base 2020-01-24 v2.11 Base part for package epstopdf
Package epstopdf-base Info: Redefining graphics rule for `.eps' on input line 4
85.

(C:\Program Files\MiKTeX\tex/latex/00miktex\epstopdf-sys.cfg
File: epstopdf-sys.cfg 2021/03/18 v2.0 Configuration of epstopdf for MiKTeX
))
Package caption Info: Begin \AtBeginDocument code.
Package caption Info: float package is loaded.
Package caption Info: End \AtBeginDocument code.

*geometry* driver: auto-detecting
*geometry* detected driver: pdftex
*geometry* verbose mode - [ preamble ] result:
* driver: pdftex
* paper: <default>
* layout: <same size as paper>
* layoutoffset:(h,v)=(0.0pt,0.0pt)
* modes: 
* h-part:(L,W,R)=(39.83368pt, 534.62764pt, 39.83368pt)
* v-part:(T,H,B)=(39.83368pt, 715.30263pt, 39.83368pt)
* \paperwidth=614.295pt
* \paperheight=794.96999pt
* \textwidth=534.62764pt
* \textheight=715.30263pt
* \oddsidemargin=-32.43631pt
* \evensidemargin=-32.43631pt
* \topmargin=-69.43631pt
* \headheight=12.0pt
* \headsep=25.0pt
* \topskip=11.0pt
* \footskip=30.0pt
* \marginparwidth=59.0pt
* \marginparsep=10.0pt
* \columnsep=10.0pt
* \skip\footins=10.0pt plus 4.0pt minus 2.0pt
* \hoffset=0.0pt
* \voffset=0.0pt
* \mag=1000
* \@twocolumnfalse
* \@twosidefalse
* \@mparswitchfalse
* \@reversemarginfalse
* (1in=72.27pt=25.4mm, 1cm=28.453pt)

[1

{C:/Users/oysteimh/AppData/Local/MiKTeX/fonts/map/pdftex/pdftex.map}{C:/Program
 Files/MiKTeX/fonts/enc/dvips/cm-super/cm-super-t1.enc}]
<figures/interaction/figure_ca_es_grid_stdexp.pdf, id=18, 985.0263pt x 715.4729
9pt>
File: figures/interaction/figure_ca_es_grid_stdexp.pdf Graphic file (type pdf)
<use figures/interaction/figure_ca_es_grid_stdexp.pdf>
Package pdftex.def Info: figures/interaction/figure_ca_es_grid_stdexp.pdf  used
 on input line 74.
(pdftex.def)             Requested size: 413.60301pt x 300.42018pt.
<figures/interaction/figure_ca_es_decade_agentic_stdexp.pdf, id=19, 985.04951pt
 x 715.47299pt>
File: figures/interaction/figure_ca_es_decade_agentic_stdexp.pdf Graphic file (
type pdf)
<use figures/interaction/figure_ca_es_decade_agentic_stdexp.pdf>
Package pdftex.def Info: figures/interaction/figure_ca_es_decade_agentic_stdexp
.pdf  used on input line 75.
(pdftex.def)             Requested size: 413.61276pt x 300.42018pt.
 [2

 <./figures/interaction/figure_ca_es_grid_stdexp.pdf> <./figures/interaction/fi
gure_ca_es_decade_agentic_stdexp.pdf>]
<figures/interaction/figure_ca_es_grid_stdexp_nyjobb.pdf, id=192, 996.40886pt x
 715.47299pt>
File: figures/interaction/figure_ca_es_grid_stdexp_nyjobb.pdf Graphic file (typ
e pdf)
<use figures/interaction/figure_ca_es_grid_stdexp_nyjobb.pdf>
Package pdftex.def Info: figures/interaction/figure_ca_es_grid_stdexp_nyjobb.pd
f  used on input line 83.
(pdftex.def)             Requested size: 418.38243pt x 300.42018pt.
<figures/interaction/figure_ca_es_decade_agentic_stdexp_nyjobb.pdf, id=193, 984
.91278pt x 715.47299pt>
File: figures/interaction/figure_ca_es_decade_agentic_stdexp_nyjobb.pdf Graphic
 file (type pdf)
<use figures/interaction/figure_ca_es_decade_agentic_stdexp_nyjobb.pdf>
Package pdftex.def Info: figures/interaction/figure_ca_es_decade_agentic_stdexp
_nyjobb.pdf  used on input line 84.
(pdftex.def)             Requested size: 413.55534pt x 300.42018pt.
 [3

 <./figures/interaction/figure_ca_es_grid_stdexp_nyjobb.pdf> <./figures/interac
tion/figure_ca_es_decade_agentic_stdexp_nyjobb.pdf>]
(tables/table_ca_did_combined.tex) [4

] (tables/table_ca_did_combined_nyjobb.tex) [5

]
<figures/interaction/figure_ca_es_grid_stdexp_olslog.pdf, id=379, 973.53023pt x
 715.47299pt>
File: figures/interaction/figure_ca_es_grid_stdexp_olslog.pdf Graphic file (typ
e pdf)
<use figures/interaction/figure_ca_es_grid_stdexp_olslog.pdf>
Package pdftex.def Info: figures/interaction/figure_ca_es_grid_stdexp_olslog.pd
f  used on input line 114.
(pdftex.def)             Requested size: 408.77592pt x 300.42018pt.
<figures/interaction/figure_ca_es_decade_agentic_stdexp_olslog.pdf, id=380, 973
.55345pt x 715.47299pt>
File: figures/interaction/figure_ca_es_decade_agentic_stdexp_olslog.pdf Graphic
 file (type pdf)
<use figures/interaction/figure_ca_es_decade_agentic_stdexp_olslog.pdf>
Package pdftex.def Info: figures/interaction/figure_ca_es_decade_agentic_stdexp
_olslog.pdf  used on input line 115.
(pdftex.def)             Requested size: 408.78568pt x 300.42018pt.
 [6

] [7 <./figures/interaction/figure_ca_es_grid_stdexp_olslog.pdf> <./figures/int
eraction/figure_ca_es_decade_agentic_stdexp_olslog.pdf>]
(tables/table_ca_did_combined_olslog.tex) [8

]
<figures/interaction/figure_ca_es_grid_stdexp_nyjobb_olslog.pdf, id=562, 984.91
278pt x 715.47299pt>
File: figures/interaction/figure_ca_es_grid_stdexp_nyjobb_olslog.pdf Graphic fi
le (type pdf)
<use figures/interaction/figure_ca_es_grid_stdexp_nyjobb_olslog.pdf>
Package pdftex.def Info: figures/interaction/figure_ca_es_grid_stdexp_nyjobb_ol
slog.pdf  used on input line 136.
(pdftex.def)             Requested size: 413.55534pt x 300.42018pt.
<figures/interaction/figure_ca_es_decade_agentic_stdexp_nyjobb_olslog.pdf, id=5
63, 984.91278pt x 715.47299pt>
File: figures/interaction/figure_ca_es_decade_agentic_stdexp_nyjobb_olslog.pdf 
Graphic file (type pdf)
<use figures/interaction/figure_ca_es_decade_agentic_stdexp_nyjobb_olslog.pdf>
Package pdftex.def Info: figures/interaction/figure_ca_es_decade_agentic_stdexp
_nyjobb_olslog.pdf  used on input line 137.
(pdftex.def)             Requested size: 413.55534pt x 300.42018pt.
 [9

] [10 <./figures/interaction/figure_ca_es_grid_stdexp_nyjobb_olslog.pdf> <./fig
ures/interaction/figure_ca_es_decade_agentic_stdexp_nyjobb_olslog.pdf>]
(tables/table_ca_did_combined_nyjobb_olslog.tex) [11

]
LaTeX Font Info:    Trying to load font information for T1+cmtt on input line 1
75.

(C:\Program Files\MiKTeX\tex/latex/base\t1cmtt.fd
File: t1cmtt.fd 2023/04/13 v2.5m Standard LaTeX font definitions
)
<figures/interaction/figure_ca_es_firmfe_grid_count_occ.pdf, id=746, 1051.0141p
t x 715.47299pt>
File: figures/interaction/figure_ca_es_firmfe_grid_count_occ.pdf Graphic file (
type pdf)
<use figures/interaction/figure_ca_es_firmfe_grid_count_occ.pdf>
Package pdftex.def Info: figures/interaction/figure_ca_es_firmfe_grid_count_occ
.pdf  used on input line 190.
(pdftex.def)             Requested size: 441.31065pt x 300.42018pt.
<figures/interaction/figure_ca_es_firmfe_decade_agentic_count_occ.pdf, id=747, 
1038.15355pt x 715.47299pt>
File: figures/interaction/figure_ca_es_firmfe_decade_agentic_count_occ.pdf Grap
hic file (type pdf)
<use figures/interaction/figure_ca_es_firmfe_decade_agentic_count_occ.pdf>
Package pdftex.def Info: figures/interaction/figure_ca_es_firmfe_decade_agentic
_count_occ.pdf  used on input line 191.
(pdftex.def)             Requested size: 435.91063pt x 300.42018pt.
 [12

] [13 <./figures/interaction/figure_ca_es_firmfe_grid_count_occ.pdf> <./figures
/interaction/figure_ca_es_firmfe_decade_agentic_count_occ.pdf>]
<figures/interaction/figure_ca_es_firmfe_grid_nyjobb_occ.pdf, id=923, 1062.8709
pt x 715.47299pt>
File: figures/interaction/figure_ca_es_firmfe_grid_nyjobb_occ.pdf Graphic file 
(type pdf)
<use figures/interaction/figure_ca_es_firmfe_grid_nyjobb_occ.pdf>
Package pdftex.def Info: figures/interaction/figure_ca_es_firmfe_grid_nyjobb_oc
c.pdf  used on input line 199.
(pdftex.def)             Requested size: 446.2892pt x 300.42018pt.
<figures/interaction/figure_ca_es_firmfe_decade_agentic_nyjobb_occ.pdf, id=924,
 1050.01035pt x 715.47299pt>
File: figures/interaction/figure_ca_es_firmfe_decade_agentic_nyjobb_occ.pdf Gra
phic file (type pdf)
<use figures/interaction/figure_ca_es_firmfe_decade_agentic_nyjobb_occ.pdf>
Package pdftex.def Info: figures/interaction/figure_ca_es_firmfe_decade_agentic
_nyjobb_occ.pdf  used on input line 200.
(pdftex.def)             Requested size: 440.88919pt x 300.42018pt.
 [14

 <./figures/interaction/figure_ca_es_firmfe_grid_nyjobb_occ.pdf> <./figures/int
eraction/figure_ca_es_firmfe_decade_agentic_nyjobb_occ.pdf>] (tables/table_ca_d
id_firmfe_combined_count_occ.tex)
[15

{C:/Program Files/MiKTeX/fonts/enc/dvips/cm-super/cm-super-ts1.enc}]
[16] (tables/table_ca_did_firmfe_combined_nyjobb_occ.tex) [17

]
<figures/interaction/figure_ca_es_yagan_grid_count.pdf, id=1107, 1351.05693pt x
 715.47299pt>
File: figures/interaction/figure_ca_es_yagan_grid_count.pdf Graphic file (type 
pdf)
<use figures/interaction/figure_ca_es_yagan_grid_count.pdf>
Package pdftex.def Info: figures/interaction/figure_ca_es_yagan_grid_count.pdf 
 used on input line 279.
(pdftex.def)             Requested size: 534.64088pt x 283.1273pt.
<figures/interaction/figure_ca_es_yagan_agentic_count.pdf, id=1108, 1338.19638p
t x 715.47299pt>
File: figures/interaction/figure_ca_es_yagan_agentic_count.pdf Graphic file (ty
pe pdf)
<use figures/interaction/figure_ca_es_yagan_agentic_count.pdf>
Package pdftex.def Info: figures/interaction/figure_ca_es_yagan_agentic_count.p
df  used on input line 280.
(pdftex.def)             Requested size: 534.61566pt x 285.83478pt.
 [18

] [19 <./figures/interaction/figure_ca_es_yagan_grid_count.pdf> <./figures/inte
raction/figure_ca_es_yagan_agentic_count.pdf>]
<figures/interaction/figure_ca_es_yagan_grid_nyjobb.pdf, id=1283, 1464.02586pt 
x 715.47299pt>
File: figures/interaction/figure_ca_es_yagan_grid_nyjobb.pdf Graphic file (type
 pdf)
<use figures/interaction/figure_ca_es_yagan_grid_nyjobb.pdf>
Package pdftex.def Info: figures/interaction/figure_ca_es_yagan_grid_nyjobb.pdf
  used on input line 289.
(pdftex.def)             Requested size: 534.6219pt x 261.27103pt.
<figures/interaction/figure_ca_es_yagan_agentic_nyjobb.pdf, id=1284, 1451.16531
pt x 715.47299pt>
File: figures/interaction/figure_ca_es_yagan_agentic_nyjobb.pdf Graphic file (t
ype pdf)
<use figures/interaction/figure_ca_es_yagan_agentic_nyjobb.pdf>
Package pdftex.def Info: figures/interaction/figure_ca_es_yagan_agentic_nyjobb.
pdf  used on input line 290.
(pdftex.def)             Requested size: 534.6199pt x 263.58546pt.
 [20

 <./figures/interaction/figure_ca_es_yagan_grid_nyjobb.pdf> <./figures/interact
ion/figure_ca_es_yagan_agentic_nyjobb.pdf>] (tables/table_ca_did_yagan_combined
_count.tex) [21

] [22]
(tables/table_ca_did_yagan_combined_nyjobb.tex) [23

]
<figures/interaction/figure_ca_es_yoy_grid_count.pdf, id=1466, 1534.49225pt x 7
15.47299pt>
File: figures/interaction/figure_ca_es_yoy_grid_count.pdf Graphic file (type pd
f)
<use figures/interaction/figure_ca_es_yoy_grid_count.pdf>
Package pdftex.def Info: figures/interaction/figure_ca_es_yoy_grid_count.pdf  u
sed on input line 352.
(pdftex.def)             Requested size: 534.64523pt x 249.2839pt.
<figures/interaction/figure_ca_es_yoy_agentic_count.pdf, id=1467, 1521.6317pt x
 715.47299pt>
File: figures/interaction/figure_ca_es_yoy_agentic_count.pdf Graphic file (type
 pdf)
<use figures/interaction/figure_ca_es_yoy_agentic_count.pdf>
Package pdftex.def Info: figures/interaction/figure_ca_es_yoy_agentic_count.pdf
  used on input line 353.
(pdftex.def)             Requested size: 534.62228pt x 251.38002pt.
 [24

] [25 <./figures/interaction/figure_ca_es_yoy_grid_count.pdf> <./figures/intera
ction/figure_ca_es_yoy_agentic_count.pdf>]
<figures/interaction/figure_ca_es_yoy_grid_nyjobb.pdf, id=1646, 1647.46117pt x 
715.47299pt>
File: figures/interaction/figure_ca_es_yoy_grid_nyjobb.pdf Graphic file (type p
df)
<use figures/interaction/figure_ca_es_yoy_grid_nyjobb.pdf>
Package pdftex.def Info: figures/interaction/figure_ca_es_yoy_grid_nyjobb.pdf  
used on input line 362.
(pdftex.def)             Requested size: 534.61412pt x 232.17662pt.
<figures/interaction/figure_ca_es_yoy_agentic_nyjobb.pdf, id=1647, 1634.60063pt
 x 715.47299pt>
File: figures/interaction/figure_ca_es_yoy_agentic_nyjobb.pdf Graphic file (typ
e pdf)
<use figures/interaction/figure_ca_es_yoy_agentic_nyjobb.pdf>
Package pdftex.def Info: figures/interaction/figure_ca_es_yoy_agentic_nyjobb.pd
f  used on input line 363.
(pdftex.def)             Requested size: 534.63103pt x 234.01071pt.
 [26

 <./figures/interaction/figure_ca_es_yoy_grid_nyjobb.pdf> <./figures/interactio
n/figure_ca_es_yoy_agentic_nyjobb.pdf>]
(tables/table_ca_did_yoy_combined_count.tex) [27

] [28]
(tables/table_ca_did_yoy_combined_nyjobb.tex) [29

]
Overfull \hbox (19.12683pt too wide) in paragraph at lines 399--406
\T1/cmr/m/n/10.95 128(7), 2505--2558. The relative-outcome spec-i-fi-ca-tion (e
q. (2): $\OML/cmm/m/it/10.95 e[] \OMS/cmsy/m/n/10.95 ^^Q [][] ^^@ [] [][] [][]$
\T1/cmr/m/n/10.95 ,
 []

[30

] (interaction_results.aux)
 ***********
LaTeX2e <2023-11-01> patch level 1
L3 programming layer <2024-02-20>
 ***********
 ) 
Here is how much of TeX's memory you used:
 4642 strings out of 474419
 86556 string characters out of 5751191
 1953190 words of memory out of 5000000
 26897 multiletter control sequences out of 15000+600000
 578937 words of font info for 84 fonts, out of 8000000 for 9000
 1141 hyphenation exceptions out of 8191
 57i,12n,65p,1145b,381s stack positions out of 10000i,1000n,20000p,200000b,200000s
<C:/Program Files/MiKTeX/fonts/type1/public/amsfonts/cm/cmbx10.pfb><C:/Progra
m Files/MiKTeX/fonts/type1/public/amsfonts/cm/cmex10.pfb><C:/Program Files/MiKT
eX/fonts/type1/public/amsfonts/cm/cmmi10.pfb><C:/Program Files/MiKTeX/fonts/typ
e1/public/amsfonts/cm/cmmi6.pfb><C:/Program Files/MiKTeX/fonts/type1/public/ams
fonts/cm/cmmi7.pfb><C:/Program Files/MiKTeX/fonts/type1/public/amsfonts/cm/cmmi
8.pfb><C:/Program Files/MiKTeX/fonts/type1/public/amsfonts/cm/cmmi9.pfb><C:/Pro
gram Files/MiKTeX/fonts/type1/public/amsfonts/cm/cmr10.pfb><C:/Program Files/Mi
KTeX/fonts/type1/public/amsfonts/cm/cmr6.pfb><C:/Program Files/MiKTeX/fonts/typ
e1/public/amsfonts/cm/cmr7.pfb><C:/Program Files/MiKTeX/fonts/type1/public/amsf
onts/cm/cmr8.pfb><C:/Program Files/MiKTeX/fonts/type1/public/amsfonts/cm/cmr9.p
fb><C:/Program Files/MiKTeX/fonts/type1/public/amsfonts/cm/cmsy10.pfb><C:/Progr
am Files/MiKTeX/fonts/type1/public/amsfonts/cm/cmsy6.pfb><C:/Program Files/MiKT
eX/fonts/type1/public/amsfonts/cm/cmsy8.pfb><C:/Program Files/MiKTeX/fonts/type
1/public/amsfonts/cm/cmsy9.pfb><C:/Program Files/MiKTeX/fonts/type1/public/cm-s
uper/sfbx1095.pfb><C:/Program Files/MiKTeX/fonts/type1/public/cm-super/sfbx1200
.pfb><C:/Program Files/MiKTeX/fonts/type1/public/cm-super/sfbx1440.pfb><C:/Prog
ram Files/MiKTeX/fonts/type1/public/cm-super/sfrm0800.pfb><C:/Program Files/MiK
TeX/fonts/type1/public/cm-super/sfrm0900.pfb><C:/Program Files/MiKTeX/fonts/typ
e1/public/cm-super/sfrm1000.pfb><C:/Program Files/MiKTeX/fonts/type1/public/cm-
super/sfrm1095.pfb><C:/Program Files/MiKTeX/fonts/type1/public/cm-super/sfrm120
0.pfb><C:/Program Files/MiKTeX/fonts/type1/public/cm-super/sfrm1728.pfb><C:/Pro
gram Files/MiKTeX/fonts/type1/public/cm-super/sfti0900.pfb><C:/Program Files/Mi
KTeX/fonts/type1/public/cm-super/sfti1000.pfb><C:/Program Files/MiKTeX/fonts/ty
pe1/public/cm-super/sfti1095.pfb><C:/Program Files/MiKTeX/fonts/type1/public/cm
-super/sftt0900.pfb><C:/Program Files/MiKTeX/fonts/type1/public/cm-super/sftt10
95.pfb>
Output written on interaction_results.pdf (30 pages, 1471564 bytes).
PDF statistics:
 1962 PDF objects out of 2073 (max. 8388607)
 0 named destinations out of 1000 (max. 500000)
 101 words of extra memory for PDF output out of 10000 (max. 10000000)

